// Jest Snapshot v1, https://goo.gl/fbAQLP

exports[`exportTripsToCSV should return correctly formatted trips for the CSV file 1`] = `
"\\"Trip_Id\\",\\"Trip_Start_Date\\",\\"Trip_End_Date\\",\\"Trip_Start_Display_Name\\",\\"Trip_Arrival_Display_Name\\",\\"Trip_Purpose\\",\\"Section_Start_Date\\",\\"Section_End_Date\\",\\"Section_Duration\\",\\"Section_Distance\\",\\"Section_Mode\\",\\"Section_Coordinates\\",\\"Section_Distances\\",\\"Section_Timestamps\\",\\"Section_Speeds\\"
\\"serieId01\\",\\"Wed Jun 30 2021 14:47:51 GMT+0200 (heure d’été d’Europe centrale)\\",\\"Wed Jun 30 2021 16:37:05 GMT+0200 (heure d’été d’Europe centrale)\\",\\"GR9, Isère\\",\\"Piste de la Combe Noire, Isère\\",\\"PICK_DROP\\",\\"Tue Dec 07 2021 16:24:49 GMT+0100 (heure normale d’Europe centrale)\\",\\"Tue Dec 07 2021 16:39:16 GMT+0100 (heure normale d’Europe centrale)\\",\\"600\\",\\"2456\\",\\"BICYCLING\\",\\"2.31251,48.7799432,2.313591181324194,48.78161416932299,2.314672362648388,48.783285138645994\\",\\"0,201.98652472578271,201.98549037826737\\",\\"1638890689000,1638890719000,1638890749000\\",\\"0,6.73288415752609,6.732849679275579\\"
\\"serieId01\\",\\"Wed Jun 30 2021 14:47:51 GMT+0200 (heure d’été d’Europe centrale)\\",\\"Wed Jun 30 2021 16:37:05 GMT+0200 (heure d’été d’Europe centrale)\\",\\"GR9, Isère\\",\\"Piste de la Combe Noire, Isère\\",\\"PICK_DROP\\",\\"Tue Dec 07 2021 16:39:31 GMT+0100 (heure normale d’Europe centrale)\\",\\"Tue Dec 07 2021 17:04:07 GMT+0100 (heure normale d’Europe centrale)\\",\\"540\\",\\"563\\",\\"WALKING\\",\\"2.31251,48.7799432,2.313591181324194,48.78161416932299,2.314672362648388,48.783285138645994\\",\\"0,2.3338746642432437,5.89018714479141\\",\\"1638891571000,1638891601000,1638891631000\\",\\"0,0.07779582214144146,0.196339571493047\\"
\\"serieId01\\",\\"Wed Jun 30 2021 14:47:51 GMT+0200 (heure d’été d’Europe centrale)\\",\\"Wed Jun 30 2021 16:37:05 GMT+0200 (heure d’été d’Europe centrale)\\",\\"GR9, Isère\\",\\"Piste de la Combe Noire, Isère\\",\\"PICK_DROP\\",\\"Tue Dec 07 2021 17:04:34 GMT+0100 (heure normale d’Europe centrale)\\",\\"Tue Dec 07 2021 17:06:26 GMT+0100 (heure normale d’Europe centrale)\\",\\"1800\\",\\"14789\\",\\"CAR\\",\\"2.31251,48.7799432,2.313591181324194,48.78161416932299,2.314672362648388,48.783285138645994\\",\\"0,43.094121726730805,31.5918459191552\\",\\"1638893074000,1638893104000,1638893134000\\",\\"0,1.4364707242243602,1.0530615306385067\\""
`;
