// Jest Snapshot v1, https://goo.gl/fbAQLP

exports[`Aggregation sortTimeseriesByCO2GroupedByPurpose should 1`] = `
Object {
  "ENTERTAINMENT": Object {
    "timeseries": Array [],
    "totalCO2": 0,
  },
  "EXERCISE": Object {
    "timeseries": Array [],
    "totalCO2": 0,
  },
  "HOME": Object {
    "timeseries": Array [
      Object {
        "_id": "timeserieId02",
        "_type": "io.cozy.timeseries.geojson",
        "aggregation": Object {
          "sections": Array [
            Object {
              "averageSpeed": 2.9874387058354404,
              "coordinates": Array [
                Array [
                  2.31251,
                  48.7799432,
                ],
                Array [
                  2.313591181324194,
                  48.78161416932299,
                ],
                Array [
                  2.314672362648388,
                  48.783285138645994,
                ],
              ],
              "distance": 14789,
              "distances": Array [
                0,
                43.094121726730805,
                31.5918459191552,
              ],
              "duration": 1800,
              "endDate": 2021-12-07T16:06:26.000Z,
              "id": "CarFeature02",
              "mode": "CAR",
              "speeds": Array [
                0,
                1.4364707242243602,
                1.0530615306385067,
              ],
              "startDate": 2021-12-07T16:04:34.000Z,
              "timestamps": Array [
                1638893074000,
                1638893104000,
                1638893134000,
              ],
              "totalCO2": 2.839488,
            },
            Object {
              "averageSpeed": 0.3289624723613862,
              "coordinates": Array [
                Array [
                  2.31251,
                  48.7799432,
                ],
                Array [
                  2.313591181324194,
                  48.78161416932299,
                ],
                Array [
                  2.314672362648388,
                  48.783285138645994,
                ],
              ],
              "distance": 563,
              "distances": Array [
                0,
                2.3338746642432437,
                5.89018714479141,
              ],
              "duration": 540,
              "endDate": 2021-12-07T16:04:07.000Z,
              "id": "WalkingFeature01",
              "mode": "WALKING",
              "speeds": Array [
                0,
                0.07779582214144146,
                0.196339571493047,
              ],
              "startDate": 2021-12-07T15:39:31.000Z,
              "timestamps": Array [
                1638891571000,
                1638891601000,
                1638891631000,
              ],
              "totalCO2": 0,
            },
          ],
          "totalCO2": 2.839488,
          "totalDistance": 15352,
          "totalDuration": 2340,
        },
        "cozyMetadata": Object {},
        "endDate": "",
        "id": "timeserieId02",
        "series": Array [
          Object {
            "features": Array [
              Object {
                "features": Array [
                  Object {
                    "geometry": Object {
                      "coordinates": Array [
                        Array [
                          2.31251,
                          48.7799432,
                        ],
                        Array [
                          2.313591181324194,
                          48.78161416932299,
                        ],
                        Array [
                          2.314672362648388,
                          48.783285138645994,
                        ],
                      ],
                      "type": "LineString",
                    },
                    "id": "CarFeature02",
                    "properties": Object {
                      "distance": 14789,
                      "distances": Array [
                        0,
                        43.094121726730805,
                        31.5918459191552,
                      ],
                      "duration": 1800,
                      "end_fmt_time": "2021-12-07T17:06:26+01:00",
                      "sensed_mode": "PredictedModeTypes.CAR",
                      "speeds": Array [
                        0,
                        1.4364707242243602,
                        1.0530615306385067,
                      ],
                      "start_fmt_time": "2021-12-07T17:04:34+01:00",
                      "timestamps": Array [
                        1638893074000,
                        1638893104000,
                        1638893134000,
                      ],
                    },
                    "type": "Feature",
                  },
                ],
                "id": "featureCol03",
                "properties": Object {},
                "type": "FeatureCollection",
              },
              Object {
                "features": Array [
                  Object {
                    "geometry": Object {
                      "coordinates": Array [
                        Array [
                          2.31251,
                          48.7799432,
                        ],
                        Array [
                          2.313591181324194,
                          48.78161416932299,
                        ],
                        Array [
                          2.314672362648388,
                          48.783285138645994,
                        ],
                      ],
                      "type": "LineString",
                    },
                    "id": "WalkingFeature01",
                    "properties": Object {
                      "distance": 563,
                      "distances": Array [
                        0,
                        2.3338746642432437,
                        5.89018714479141,
                      ],
                      "duration": 540,
                      "end_fmt_time": "2021-12-07T17:04:07+01:00",
                      "sensed_mode": "PredictedModeTypes.WALKING",
                      "speeds": Array [
                        0,
                        0.07779582214144146,
                        0.196339571493047,
                      ],
                      "start_fmt_time": "2021-12-07T16:39:31+01:00",
                      "timestamps": Array [
                        1638891571000,
                        1638891601000,
                        1638891631000,
                      ],
                    },
                    "type": "Feature",
                  },
                ],
                "id": "featureCol04",
                "properties": Object {},
                "type": "FeatureCollection",
              },
            ],
            "id": "serie02",
            "properties": Object {
              "end_fmt_time": "2021-06-30T16:37:05.086000+02:00",
              "end_place": Object {
                "$oid": "sectionId02",
                "data": Object {
                  "properties": Object {
                    "display_name": "Piste de la Combe Noire, Isère",
                  },
                },
              },
              "manual_purpose": "HOME",
              "start_fmt_time": "2021-06-30T14:47:51.081201+02:00",
              "start_place": Object {
                "$oid": "sectionId01",
                "data": Object {
                  "properties": Object {
                    "display_name": "GR9, Isère",
                  },
                },
              },
            },
            "type": "FeatureCollection",
          },
        ],
        "source": "",
        "startDate": "",
      },
    ],
    "totalCO2": 2.839488,
  },
  "MEAL": Object {
    "timeseries": Array [],
    "totalCO2": 0,
  },
  "OTHER_PURPOSE": Object {
    "timeseries": Array [
      Object {
        "_id": "timeserieId01",
        "_type": "io.cozy.timeseries.geojson",
        "aggregation": Object {
          "sections": Array [
            Object {
              "averageSpeed": 15.18839321519394,
              "coordinates": Array [
                Array [
                  2.31251,
                  48.7799432,
                ],
                Array [
                  2.313591181324194,
                  48.78161416932299,
                ],
                Array [
                  2.314672362648388,
                  48.783285138645994,
                ],
              ],
              "distance": 504789,
              "distances": Array [
                0,
                3.084870063085477,
                376.624960316763,
              ],
              "duration": 1800,
              "endDate": 2021-12-07T18:18:05.000Z,
              "id": "planeFeature01",
              "mode": "AIR_OR_HSR",
              "speeds": Array [
                0,
                0.10282900210284923,
                12.5541653438921,
              ],
              "startDate": 2021-12-07T16:06:26.000Z,
              "timestamps": Array [
                1638909778000,
                1638909808000,
                1638909838000,
              ],
              "totalCO2": 130.235562,
            },
            Object {
              "averageSpeed": 2.9874387058354404,
              "coordinates": Array [
                Array [
                  2.31251,
                  48.7799432,
                ],
                Array [
                  2.313591181324194,
                  48.78161416932299,
                ],
                Array [
                  2.314672362648388,
                  48.783285138645994,
                ],
              ],
              "distance": 14789,
              "distances": Array [
                0,
                43.094121726730805,
                31.5918459191552,
              ],
              "duration": 1800,
              "endDate": 2021-12-07T16:06:26.000Z,
              "id": "CarFeature01",
              "mode": "CAR",
              "speeds": Array [
                0,
                1.4364707242243602,
                1.0530615306385067,
              ],
              "startDate": 2021-12-07T16:04:34.000Z,
              "timestamps": Array [
                1638893074000,
                1638893104000,
                1638893134000,
              ],
              "totalCO2": 2.839488,
            },
          ],
          "totalCO2": 133.07504999999998,
          "totalDistance": 519578,
          "totalDuration": 3600,
        },
        "cozyMetadata": Object {},
        "endDate": "",
        "id": "timeserieId01",
        "series": Array [
          Object {
            "features": Array [
              Object {
                "features": Array [
                  Object {
                    "geometry": Object {
                      "coordinates": Array [
                        Array [
                          2.31251,
                          48.7799432,
                        ],
                        Array [
                          2.313591181324194,
                          48.78161416932299,
                        ],
                        Array [
                          2.314672362648388,
                          48.783285138645994,
                        ],
                      ],
                      "type": "LineString",
                    },
                    "id": "planeFeature01",
                    "properties": Object {
                      "distance": 504789,
                      "distances": Array [
                        0,
                        3.084870063085477,
                        376.624960316763,
                      ],
                      "duration": 1800,
                      "end_fmt_time": "2021-12-07T19:18:05+01:00",
                      "sensed_mode": "PredictedModeTypes.AIR_OR_HSR",
                      "speeds": Array [
                        0,
                        0.10282900210284923,
                        12.5541653438921,
                      ],
                      "start_fmt_time": "2021-12-07T17:06:26+01:00",
                      "timestamps": Array [
                        1638909778000,
                        1638909808000,
                        1638909838000,
                      ],
                    },
                    "type": "Feature",
                  },
                ],
                "id": "featureCol01",
                "properties": Object {},
                "type": "FeatureCollection",
              },
              Object {
                "features": Array [
                  Object {
                    "geometry": Object {
                      "coordinates": Array [
                        Array [
                          2.31251,
                          48.7799432,
                        ],
                        Array [
                          2.313591181324194,
                          48.78161416932299,
                        ],
                        Array [
                          2.314672362648388,
                          48.783285138645994,
                        ],
                      ],
                      "type": "LineString",
                    },
                    "id": "CarFeature01",
                    "properties": Object {
                      "distance": 14789,
                      "distances": Array [
                        0,
                        43.094121726730805,
                        31.5918459191552,
                      ],
                      "duration": 1800,
                      "end_fmt_time": "2021-12-07T17:06:26+01:00",
                      "sensed_mode": "PredictedModeTypes.CAR",
                      "speeds": Array [
                        0,
                        1.4364707242243602,
                        1.0530615306385067,
                      ],
                      "start_fmt_time": "2021-12-07T17:04:34+01:00",
                      "timestamps": Array [
                        1638893074000,
                        1638893104000,
                        1638893134000,
                      ],
                    },
                    "type": "Feature",
                  },
                ],
                "id": "featureCol02",
                "properties": Object {},
                "type": "FeatureCollection",
              },
            ],
            "id": "serie01",
            "properties": Object {
              "end_fmt_time": "2021-06-30T16:37:05.086000+02:00",
              "end_place": Object {
                "$oid": "sectionId02",
                "data": Object {
                  "properties": Object {
                    "display_name": "Piste de la Combe Noire, Isère",
                  },
                },
              },
              "manual_purpose": undefined,
              "start_fmt_time": "2021-06-30T14:47:51.081201+02:00",
              "start_place": Object {
                "$oid": "sectionId01",
                "data": Object {
                  "properties": Object {
                    "display_name": "GR9, Isère",
                  },
                },
              },
            },
            "type": "FeatureCollection",
          },
        ],
        "source": "",
        "startDate": "",
      },
    ],
    "totalCO2": 133.07504999999998,
  },
  "PERSONAL_MED": Object {
    "timeseries": Array [],
    "totalCO2": 0,
  },
  "PICK_DROP": Object {
    "timeseries": Array [],
    "totalCO2": 0,
  },
  "SCHOOL": Object {
    "timeseries": Array [],
    "totalCO2": 0,
  },
  "SHOPPING": Object {
    "timeseries": Array [],
    "totalCO2": 0,
  },
  "WORK": Object {
    "timeseries": Array [],
    "totalCO2": 0,
  },
}
`;
