// Jest Snapshot v1, https://goo.gl/fbAQLP

exports[`getSectionsInfo should return correct sections 1`] = `
Array [
  Object {
    "averageSpeed": 16.158880604162004,
    "coordinates": Array [
      Array [
        2.31251,
        48.7799432,
      ],
      Array [
        2.313591181324194,
        48.78161416932299,
      ],
      Array [
        2.314672362648388,
        48.783285138645994,
      ],
    ],
    "distance": 2456,
    "distances": Array [
      0,
      201.98652472578271,
      201.98549037826737,
    ],
    "duration": 600,
    "endDate": 2021-12-07T15:39:16.000Z,
    "id": "featureId05",
    "mode": "BICYCLING",
    "speeds": Array [
      0,
      6.73288415752609,
      6.732849679275579,
    ],
    "startDate": 2021-12-07T15:24:49.000Z,
    "timestamps": Array [
      1638890689000,
      1638890719000,
      1638890749000,
    ],
  },
  Object {
    "averageSpeed": 0.3289624723613862,
    "coordinates": Array [
      Array [
        2.31251,
        48.7799432,
      ],
      Array [
        2.313591181324194,
        48.78161416932299,
      ],
      Array [
        2.314672362648388,
        48.783285138645994,
      ],
    ],
    "distance": 563,
    "distances": Array [
      0,
      2.3338746642432437,
      5.89018714479141,
    ],
    "duration": 540,
    "endDate": 2021-12-07T16:04:07.000Z,
    "id": "featureId06",
    "mode": "WALKING",
    "speeds": Array [
      0,
      0.07779582214144146,
      0.196339571493047,
    ],
    "startDate": 2021-12-07T15:39:31.000Z,
    "timestamps": Array [
      1638891571000,
      1638891601000,
      1638891631000,
    ],
  },
  Object {
    "averageSpeed": 2.9874387058354404,
    "coordinates": Array [
      Array [
        2.31251,
        48.7799432,
      ],
      Array [
        2.313591181324194,
        48.78161416932299,
      ],
      Array [
        2.314672362648388,
        48.783285138645994,
      ],
    ],
    "distance": 14789,
    "distances": Array [
      0,
      43.094121726730805,
      31.5918459191552,
    ],
    "duration": 1800,
    "endDate": 2021-12-07T16:06:26.000Z,
    "id": "featureId07",
    "mode": "CAR",
    "speeds": Array [
      0,
      1.4364707242243602,
      1.0530615306385067,
    ],
    "startDate": 2021-12-07T16:04:34.000Z,
    "timestamps": Array [
      1638893074000,
      1638893104000,
      1638893134000,
    ],
  },
]
`;
